// Jest Snapshot v1, https://goo.gl/fbAQLP

exports[`CardContainer matches snapshot 1`] = `
<div
  className="row margin-bottom-xxlarge"
>
  I am a card
</div>
`;
