// Jest Snapshot v1, https://goo.gl/fbAQLP

exports[`PanelContent matches snapshot 1`] = `"I am a experiment component"`;
